Part one: 17
Part two:
#####
#...#
#...#
#...#
#####
.....
.....
